
Running 1 test using 1 worker

[1A[2K[1/1] execution-temp/exec-1766170968938-fb667aca/test-exec-1766170968938-fb667aca.spec.ts:7:7 › BCH › Login SauceDemo
[1A[2Kexecution-temp/exec-1766170968938-fb667aca/test-exec-1766170968938-fb667aca.spec.ts:7:7 › BCH › Login SauceDemo
[Auto-Heal] Fill failed on #login_credentials. Trying backup...

[1A[2K[Auto-Heal] Verify failed on xpath=//*[contains(translate(normalize-space(.), "ABCDEFGHIJKLMNOPQRSTUVWXYZ", "abcdefghijklmnopqrstuvwxyz"), 'products')].

[1A[2K[Auto-Heal] Trying to find text "Products" directly on page...

[1A[2K[Auto-Heal] Text-based search failed.

[1A[2K[Auto-Heal] DOM snapshot saved to failure-dom.json

[1A[2K  1) execution-temp/exec-1766170968938-fb667aca/test-exec-1766170968938-fb667aca.spec.ts:7:7 › BCH › Login SauceDemo 

    Error: Failed to verify text "Products". Tried 1 strategies + text search.

       at execution-temp/exec-1766170968938-fb667aca/pages/BasePage.ts:131

      129 |
      130 |         await this.saveDomSnapshot('failure-dom.json');
    > 131 |         throw new Error(`Failed to verify text "${expectedText}". Tried ${selectors.length} strategies + text search.`);
          |               ^
      132 |     }
      133 |
      134 |     protected async smartCheck(selectors: string[], checked: boolean = true) {
        at SaucedemoPage.smartVerify (/Users/franciscotorres/Desktop/Proyectos Fran/ia-automation-test/backend/execution-temp/exec-1766170968938-fb667aca/pages/BasePage.ts:131:15)
        at SaucedemoPage.verifyProductsSeaVisible (/Users/franciscotorres/Desktop/Proyectos Fran/ia-automation-test/backend/execution-temp/exec-1766170968938-fb667aca/pages/SaucedemoPage.ts:40:9)
        at /Users/franciscotorres/Desktop/Proyectos Fran/ia-automation-test/backend/execution-temp/exec-1766170968938-fb667aca/test-exec-1766170968938-fb667aca.spec.ts:13:5

    attachment #1: screenshot (image/png) ──────────────────────────────────────────────────────────
    execution-temp/exec-1766170968938-fb667aca/test-results/execution-temp-exec-176617-ea365-b667aca-BCH-Login-SauceDemo/test-failed-1.png
    ────────────────────────────────────────────────────────────────────────────────────────────────

    attachment #2: video (video/webm) ──────────────────────────────────────────────────────────────
    execution-temp/exec-1766170968938-fb667aca/test-results/execution-temp-exec-176617-ea365-b667aca-BCH-Login-SauceDemo/video.webm
    ────────────────────────────────────────────────────────────────────────────────────────────────

    Error Context: execution-temp/exec-1766170968938-fb667aca/test-results/execution-temp-exec-176617-ea365-b667aca-BCH-Login-SauceDemo/error-context.md

    attachment #4: trace (application/zip) ─────────────────────────────────────────────────────────
    execution-temp/exec-1766170968938-fb667aca/test-results/execution-temp-exec-176617-ea365-b667aca-BCH-Login-SauceDemo/trace.zip
    Usage:

        npx playwright show-trace execution-temp/exec-1766170968938-fb667aca/test-results/execution-temp-exec-176617-ea365-b667aca-BCH-Login-SauceDemo/trace.zip

    ────────────────────────────────────────────────────────────────────────────────────────────────


[1A[2K  1 failed
    execution-temp/exec-1766170968938-fb667aca/test-exec-1766170968938-fb667aca.spec.ts:7:7 › BCH › Login SauceDemo 

